$ echo hello world!
hello world!

$ echo hello world!
hello world!

$ echo test from listener
test from listener

$ ")) {
/bin/sh: 1: Syntax error: Unterminated quoted string

$ echo iframe works!
iframe works!

$ whoami!
/bin/sh: 1: whoami!: not found

$ ip a!
Object "a!" is unknown, try "ip help".


=== EXECUTION START ===
Timestamp: 2025-05-15 19:19:18
Command: echo hello world
Exit Code: 0
--- STDOUT ---
hello world
--- STDERR ---
[none]
=== EXECUTION END ===

=== EXECUTION START ===
Timestamp: 2025-05-15 19:19:18
Command: echo test from listener
Exit Code: 0
--- STDOUT ---
test from listener
--- STDERR ---
[none]
=== EXECUTION END ===

=== EXECUTION START ===
Timestamp: 2025-05-15 19:19:18
Command: ")) {
Exit Code: 2
--- STDOUT ---
[empty]
--- STDERR ---
/bin/sh: 1: Syntax error: Unterminated quoted string
=== EXECUTION END ===

=== EXECUTION START ===
Timestamp: 2025-05-15 19:19:18
Command: echo iframe works
Exit Code: 0
--- STDOUT ---
iframe works
--- STDERR ---
[none]
=== EXECUTION END ===

=== EXECUTION START ===
Timestamp: 2025-05-15 19:19:18
Command: whoami
Exit Code: 0
--- STDOUT ---
detin
--- STDERR ---
[none]
=== EXECUTION END ===

=== EXECUTION START ===
Timestamp: 2025-05-15 19:19:18
Command: ip a
Exit Code: 0
--- STDOUT ---
1: lo: <LOOPBACK,UP,LOWER_UP> mtu 65536 qdisc noqueue state UNKNOWN group default qlen 1000
    link/loopback 00:00:00:00:00:00 brd 00:00:00:00:00:00
    inet 127.0.0.1/8 scope host lo
       valid_lft forever preferred_lft forever
    inet6 ::1/128 scope host noprefixroute 
       valid_lft forever preferred_lft forever
2: enp0s31f6: <BROADCAST,MULTICAST,UP,LOWER_UP> mtu 1500 qdisc fq_codel state UP group default qlen 1000
    link/ether b0:0c:d1:d0:e7:9e brd ff:ff:ff:ff:ff:ff
    inet 192.168.1.16/24 brd 192.168.1.255 scope global dynamic noprefixroute enp0s31f6
       valid_lft 82533sec preferred_lft 82533sec
    inet6 fe80::34b4:2903:c857:a570/64 scope link noprefixroute 
       valid_lft forever preferred_lft forever
3: wlp1s0: <BROADCAST,MULTICAST> mtu 1500 qdisc noqueue state DOWN group default qlen 1000
    link/ether e0:d4:64:93:05:8a brd ff:ff:ff:ff:ff:ff
4: ztugavjn5y: <BROADCAST,MULTICAST,UP,LOWER_UP> mtu 2800 qdisc fq_codel state UNKNOWN group default qlen 1000
    link/ether d6:0c:79:cd:ff:45 brd ff:ff:ff:ff:ff:ff
    inet 192.168.192.29/24 brd 192.168.192.255 scope global ztugavjn5y
       valid_lft forever preferred_lft forever
    inet6 fe80::d40c:79ff:fecd:ff45/64 scope link 
       valid_lft forever preferred_lft forever
5: docker0: <BROADCAST,MULTICAST,UP,LOWER_UP> mtu 1500 qdisc noqueue state UP group default 
    link/ether 02:42:08:37:20:a3 brd ff:ff:ff:ff:ff:ff
    inet 172.17.0.1/16 brd 172.17.255.255 scope global docker0
       valid_lft forever preferred_lft forever
    inet6 fe80::42:8ff:fe37:20a3/64 scope link 
       valid_lft forever preferred_lft forever
7: veth2ec6b89@if6: <BROADCAST,MULTICAST,UP,LOWER_UP> mtu 1500 qdisc noqueue master docker0 state UP group default 
    link/ether 92:fe:dd:00:f5:05 brd ff:ff:ff:ff:ff:ff link-netnsid 0
    inet6 fe80::90fe:ddff:fe00:f505/64 scope link 
       valid_lft forever preferred_lft forever
--- STDERR ---
[none]
=== EXECUTION END ===

=== EXECUTION START ===
Timestamp: 2025-05-15 19:19:53
Command: echo "whoami"
Exit Code: 0
--- STDOUT ---
whoami
--- STDERR ---
[none]
=== EXECUTION END ===

=== EXECUTION START ===
Timestamp: 2025-05-15 19:22:15
Command: uptime
Exit Code: 0
--- STDOUT ---
19:22:15 up 2 days,  2:45,  1 user,  load average: 2.01, 1.78, 1.64
--- STDERR ---
[none]
=== EXECUTION END ===

=== EXECUTION START ===
Timestamp: 2025-05-15 19:24:13
Command: echo "uptime"
Exit Code: 0
--- STDOUT ---
uptime
--- STDERR ---
[none]
=== EXECUTION END ===

=== EXECUTION START ===
Timestamp: 2025-05-15 19:50:28
Command: echo "test"
Exit Code: 0
--- STDOUT ---
test
--- STDERR ---
[none]
=== EXECUTION END ===

=== EXECUTION START ===
Timestamp: 2025-05-15 20:45:31
Command: echo test from curl
Exit Code: 0
--- STDOUT ---
test from curl
--- STDERR ---
[none]
=== EXECUTION END ===

print(f"Resolved log path: {LOG_PATH}")

whoami
root


whoami
root


whoami
root


whoami
root


whoami
root


whoami
root


whoami
root


whoami
root


whoami
root


whoami
root


whoami
root


whoami
root


whoami
root


whoami
root


whoami
root


whoami
root


whoami
root


whoami
root


whoami
root


whoami
root


whoami
root


whoami
root


whoami
root


whoami
root


whoami
root


whoami
root


whoami
root


ip a
root


whoami
root


ip a
root


ip a
root


ip a
root


ip a
root


whoami
root


whoami
root


whoami
root


whoami
root


whoami
root


whoami
root


whoami
root


whoami
root


whoami
root


whoami
root


whoami
root


whoami
root


ip a
root


whoami
root


ip a
root


whoami
root


whoami
root


ip a
root


whoami
root


ip a
root



=== EXECUTION START ===
Timestamp: 2025-05-19 20:36:02
Command: echo "Boot sequence engaged. Awaiting further instructions."
Exit Code: 0
--- STDOUT ---
Boot sequence engaged. Awaiting further instructions.
--- STDERR ---
[none]
=== EXECUTION END ===

=== EXECUTION START ===
Timestamp: 2025-05-19 20:41:49
Command: echo "Core systems online. Standing by for deployment."
Exit Code: 0
--- STDOUT ---
Core systems online. Standing by for deployment.
--- STDERR ---
[none]
=== EXECUTION END ===
